// Jest Snapshot v1, https://goo.gl/fbAQLP

exports[`Layout renders children correctly 1`] = `
<div>
  <div
    className="react-notification-root"
  >
    <div
      className="notification-container-top-left"
    />
    <div
      className="notification-container-top-right"
    />
    <div
      className="notification-container-bottom-left"
    />
    <div
      className="notification-container-bottom-right"
    />
    <div
      className="notification-container-top-center"
    />
    <div
      className="notification-container-bottom-center"
    />
  </div>
  <nav
    className="bg-secondary navbar navbar-expand-md navbar-dark"
  >
    <a
      className="navbar-brand"
      href="/"
      onClick={[Function]}
    >
      <img
        alt="React"
        height="38"
        src="logo-small.png"
        srcSet="logo-small@2x.png 2x"
        width="38"
      />
      <span>
        Your Company
      </span>
    </a>
    <button
      className="navbar-toggler"
      onClick={[Function]}
      type="button"
    >
      <span
        className="navbar-toggler-icon"
      />
    </button>
    <div
      className="collapse navbar-collapse"
      style={Object {}}
    >
      <ul
        className="ml-auto navbar-nav"
      >
        <li
          className="nav-item"
        >
          <a
            className="nav-link"
            href="/about"
            onClick={[Function]}
          >
            About
          </a>
        </li>
        <li
          className="nav-item"
        >
          <a
            className="nav-link"
            href="/contact"
            onClick={[Function]}
          >
            Contact
          </a>
        </li>
        <li
          className="nav-item"
        >
          <a
            className="nav-link"
            href="/login"
            onClick={[Function]}
          >
            Log in
          </a>
        </li>
        <li
          className="nav-item"
        >
          <a
            className="nav-link"
            href="/register"
            onClick={[Function]}
          >
            Sign up
          </a>
        </li>
      </ul>
    </div>
  </nav>
  <div
    className="child"
  />
  <div
    className="root"
  >
    <div
      className="container container"
    >
      <a
        className="link"
        href="https://gitter.im/kriasoft/react-starter-kit"
      >
        Ask a question
      </a>
      <span
        className="spacer"
      >
        |
      </span>
      <a
        className="link"
        href="https://github.com/kriasoft/react-starter-kit/issues/new"
      >
        Report an issue
      </a>
    </div>
  </div>
  <div
    className="root"
  >
    <div
      className="container container"
    >
      <span
        className="text"
      >
        © Your Company
      </span>
      <span
        className="spacer"
      >
        ·
      </span>
      <a
        className="link"
        href="/"
        onClick={[Function]}
      >
        Home
      </a>
      <span
        className="spacer"
      >
        ·
      </span>
      <a
        className="link"
        href="/admin"
        onClick={[Function]}
      >
        Admin
      </a>
      <span
        className="spacer"
      >
        ·
      </span>
      <a
        className="link"
        href="/privacy"
        onClick={[Function]}
      >
        Privacy
      </a>
      <span
        className="spacer"
      >
        ·
      </span>
      <a
        className="link"
        href="/not-found"
        onClick={[Function]}
      >
        Not Found
      </a>
    </div>
  </div>
</div>
`;
